\BOOKMARK [1][-]{section.1}{\376\377\230\230\227\142\176\246\147\137\060\001\116\373\122\241\217\271\165\114\116\016\173\046\123\367}{}% 1
\BOOKMARK [1][-]{section.2}{\376\377\131\032\121\111\147\137\136\162\155\211\166\204\162\151\164\006\147\141\116\366\116\016\174\276\136\246\137\161\124\315}{}% 2
\BOOKMARK [2][-]{subsection.2.1}{\376\377\166\370\220\273\121\111\147\137\166\204\166\370\117\115\121\163\174\373}{section.2}% 3
\BOOKMARK [2][-]{subsection.2.2}{\376\377\131\032\121\111\147\137\166\204\137\305\211\201\147\141\116\366}{section.2}% 4
\BOOKMARK [2][-]{subsection.2.3}{\376\377\116\316\123\314\121\111\147\137\122\060\000\040\000A\000i\000r\000y\000\040\121\340\117\125\176\247\145\160}{section.2}% 5
\BOOKMARK [2][-]{subsection.2.4}{\376\377\116\072\116\300\116\110\137\375\165\145\131\032\121\111\147\137\117\032\137\161\124\315\123\232\136\246}{section.2}% 6
\BOOKMARK [1][-]{section.3}{\376\377\145\160\143\156\213\373\123\326\060\001\133\214\145\164\140\047\133\241\213\241\116\016\142\337\124\010\154\342\153\265}{}% 7
\BOOKMARK [2][-]{subsection.3.1}{\376\377\123\237\131\313\226\104\116\366\133\241\213\241}{section.3}% 8
\BOOKMARK [2][-]{subsection.3.2}{\376\377\170\105\166\204\200\314\146\157\142\230\134\004\163\207\116\016\147\011\145\110\154\342\153\265}{section.3}% 9
\BOOKMARK [2][-]{subsection.3.3}{\376\377\134\360\225\364\215\335\122\035\131\313\123\026\166\204\117\134\165\050}{section.3}% 10
\BOOKMARK [1][-]{section.4}{\376\377\170\105\166\204\131\032\121\111\147\137\123\315\157\024\152\041\127\213}{}% 11
\BOOKMARK [2][-]{subsection.4.1}{\376\377\202\162\145\143\152\041\127\213}{section.4}% 12
\BOOKMARK [2][-]{subsection.4.2}{\376\377\155\113\221\317\150\041\121\306\116\016\166\356\150\007\121\375\145\160}{section.4}% 13
\BOOKMARK [2][-]{subsection.4.3}{\376\377\117\030\123\026\116\016\152\041\127\213\220\011\142\351}{section.4}% 14
\BOOKMARK [1][-]{section.5}{\376\377\226\104\116\366\000\040\0003\060\001\0004\000\040\166\204\131\032\121\111\147\137\213\306\122\053\176\323\147\234}{}% 15
\BOOKMARK [2][-]{subsection.5.1}{\376\377\116\011\171\315\152\041\127\213\166\204\121\150\214\061\153\324\217\203}{section.5}% 16
\BOOKMARK [2][-]{subsection.5.2}{\376\377\147\000\176\310\123\232\136\246\116\016\142\337\124\010\174\276\136\246}{section.5}% 17
\BOOKMARK [1][-]{section.6}{\376\377\170\105\176\323\147\234\166\204\123\357\227\140\140\047\116\016\174\276\136\246\137\161\124\315}{}% 18
\BOOKMARK [2][-]{subsection.6.1}{\376\377\232\330\226\066\217\324\126\336\137\072\136\246}{section.6}% 19
\BOOKMARK [2][-]{subsection.6.2}{\376\377\147\120\145\231\116\343\164\006\123\302\145\160\166\204\147\141\116\366\145\117\141\037\140\047}{section.6}% 20
\BOOKMARK [2][-]{subsection.6.3}{\376\377\221\315\131\015\122\035\131\313\123\026\116\016\152\041\127\213\135\356\137\002}{section.6}% 21
\BOOKMARK [1][-]{section.7}{\376\377\226\104\116\366\000\040\0001\060\001\0002\000\040\166\204\000\040\000S\000i\000C\000\040\131\032\121\111\147\137\117\356\153\143}{}% 22
\BOOKMARK [2][-]{subsection.7.1}{\376\377\117\356\153\143\173\126\165\145}{section.7}% 23
\BOOKMARK [2][-]{subsection.7.2}{\376\377\117\356\153\143\176\323\147\234}{section.7}% 24
\BOOKMARK [1][-]{section.8}{\376\377\225\356\230\230\116\011\166\204\133\214\145\164\173\227\154\325\155\101\172\013\116\016\131\015\163\260\213\364\146\016}{}% 25
\BOOKMARK [1][-]{section.9}{\376\377\176\323\213\272\116\016\134\100\226\120\140\047}{}% 26
