\BOOKMARK [1][-]{section.1}{\376\377\230\230\227\142\176\246\147\137\116\016\147\054\153\041\116\244\116\330\203\003\126\364}{}% 1
\BOOKMARK [1][-]{section.2}{\376\377\145\160\143\156\213\373\123\326\116\016\133\241\213\241}{}% 2
\BOOKMARK [1][-]{section.3}{\376\377\225\356\230\230\116\000\152\041\127\213\127\050\225\356\230\230\116\214\116\055\166\204\121\167\117\123\123\026}{}% 3
\BOOKMARK [2][-]{subsection.3.1}{\376\377\121\340\117\125\060\001\142\230\134\004\211\322\116\016\166\370\117\115}{section.3}% 4
\BOOKMARK [2][-]{subsection.3.2}{\376\377\000F\000r\000e\000s\000n\000e\000l\000\040\174\373\145\160\116\016\123\314\121\111\147\137\123\315\134\004\163\207}{section.3}% 5
\BOOKMARK [1][-]{section.4}{\376\377\000S\000i\000C\000\040\202\162\145\143\152\041\127\213\116\016\137\205\117\060\123\302\145\160}{}% 6
\BOOKMARK [1][-]{section.5}{\376\377\123\232\136\246\122\035\120\074\377\032\165\061\225\356\230\230\116\000\166\204\134\360\225\364\215\335\121\154\137\017\121\372\123\321}{}% 7
\BOOKMARK [1][-]{section.6}{\376\377\123\314\211\322\136\246\200\124\124\010\123\315\157\024\173\227\154\325}{}% 8
\BOOKMARK [2][-]{subsection.6.1}{\376\377\155\113\221\317\136\105\120\074\150\041\121\306\116\016\166\356\150\007\121\375\145\160}{section.6}% 9
\BOOKMARK [2][-]{subsection.6.2}{\376\377\123\302\145\160\217\271\165\114\116\016\117\030\123\026\153\145\232\244}{section.6}% 10
\BOOKMARK [1][-]{section.7}{\376\377\145\160\120\074\176\323\147\234}{}% 11
\BOOKMARK [2][-]{subsection.7.1}{\376\377\200\124\124\010\142\337\124\010\123\302\145\160}{section.7}% 12
\BOOKMARK [2][-]{subsection.7.2}{\376\377\142\337\124\010\146\362\176\277\116\016\143\007\150\007}{section.7}% 13
\BOOKMARK [1][-]{section.8}{\376\377\123\357\227\140\140\047\116\016\145\117\141\037\140\047\122\006\147\220}{}% 14
\BOOKMARK [2][-]{subsection.8.1}{\376\377\145\160\143\156\060\001\211\322\136\246\124\214\117\030\123\026\172\063\133\232\140\047}{section.8}% 15
\BOOKMARK [2][-]{subsection.8.2}{\376\377\123\232\136\246\122\126\227\142\145\117\141\037\140\047}{section.8}% 16
\BOOKMARK [2][-]{subsection.8.3}{\376\377\147\120\145\231\200\314\146\157\136\070\145\160\166\204\134\100\220\350\142\160\122\250}{section.8}% 17
\BOOKMARK [2][-]{subsection.8.4}{\376\377\123\314\121\111\147\137\142\052\145\255\166\204\232\330\226\066\137\200\217\324\213\312\145\255}{section.8}% 18
\BOOKMARK [1][-]{section.9}{\376\377\176\323\213\272\060\001\220\002\165\050\203\003\126\364\116\016\131\015\163\260\145\271\137\017}{}% 19
\BOOKMARK [2][-]{subsection.9.1}{\376\377\176\323\213\272}{section.9}% 20
\BOOKMARK [2][-]{subsection.9.2}{\376\377\134\100\226\120\140\047}{section.9}% 21
\BOOKMARK [2][-]{subsection.9.3}{\376\377\123\357\131\015\163\260\145\207\116\366\116\016\124\175\116\344}{section.9}% 22
